// Jest Snapshot v1, https://goo.gl/fbAQLP

exports[`Filters fragment snapshots should match latest render snapshot 1`] = `
<DocumentFragment>
  .emotion-3 {
  background-color: #ffffff;
  border-radius: 3px;
  width: 100%;
  font-family: Inter;
  word-break: break-word;
  outline: none;
}

.emotion-3 .rc-collapse-anim-active {
  -webkit-transition: height 0.2s ease-out;
  transition: height 0.2s ease-out;
}

.emotion-3 > .rc-collapse-item {
  border-top: 1px solid #d9d9d9;
}

.emotion-3 > .rc-collapse-item:first-of-type {
  border-top: none;
}

.emotion-3 > .rc-collapse-item > .rc-collapse-header {
  display: -webkit-box;
  display: -webkit-flex;
  display: -ms-flexbox;
  display: flex;
  position: relative;
  line-height: 24px;
  font-size: 15px;
  font-weight: 500;
  padding: 16px 56px 16px 24px;
  color: #666;
  outline: none;
  cursor: pointer;
}

.emotion-3 > .rc-collapse-item > .rc-collapse-header .arrow {
  display: -webkit-box;
  display: -webkit-flex;
  display: -ms-flexbox;
  display: flex;
  position: absolute;
  vertical-align: middle;
  right: 24px;
  top: 20px;
}

.emotion-3 > .rc-collapse-item > .rc-collapse-header .rc-collapse-extra {
  padding-top: 4px;
  margin-right: 12px;
  line-height: normal;
}

.emotion-3 > .rc-collapse-item-active > .rc-collapse-header {
  color: #000;
}

.emotion-3 > .rc-collapse-item-disabled > .rc-collapse-header {
  cursor: not-allowed;
  color: #999;
}

.emotion-3 .rc-collapse-content {
  overflow: hidden;
  color: #666;
  box-sizing: border-box;
}

.emotion-3 .rc-collapse-content > .rc-collapse-content-box {
  font-size: 13px;
  line-height: 20px;
  padding: 6px 24px;
}

.emotion-3 .rc-collapse-content > .rc-collapse-content-box:first-of-type {
  padding-top: 0px;
}

.emotion-3 .rc-collapse-content > .rc-collapse-content-box:last-of-type {
  padding-bottom: 16px;
}

.emotion-3 .rc-collapse-content-inactive {
  display: none;
}

.emotion-5 {
  width: 100%;
  display: -webkit-box;
  display: -webkit-flex;
  display: -ms-flexbox;
  display: flex;
  -webkit-flex-direction: column;
  -ms-flex-direction: column;
  flex-direction: column;
}

.emotion-1 {
  display: -webkit-box;
  display: -webkit-flex;
  display: -ms-flexbox;
  display: flex;
  -webkit-flex-basis: 48px;
  -ms-flex-preferred-size: 48px;
  flex-basis: 48px;
  -webkit-align-items: center;
  -webkit-box-align: center;
  -ms-flex-align: center;
  align-items: center;
}

.emotion-0 {
  color: rgb(0,0,0);
  font-weight: 500;
  font-size: 18px;
  line-height: 1.3;
  font-family: Inter;
}

.emotion-2 {
  display: -webkit-box;
  display: -webkit-flex;
  display: -ms-flexbox;
  display: flex;
  -webkit-flex-basis: 20px;
  -ms-flex-preferred-size: 20px;
  flex-basis: 20px;
}

.emotion-4 {
  box-sizing: border-box;
  display: -webkit-box;
  display: -webkit-flex;
  display: -ms-flexbox;
  display: flex;
  border: 1px solid rgba(0,0,0,0.08);
  border-radius: 4px;
}

<div
    class="emotion-5"
    display="flex"
    width="100%"
  >
    <div
      class="emotion-1"
      display="flex"
    >
      <span
        class="emotion-0"
        color="black"
        font-family="primary"
        font-size="extra"
        font-weight="medium"
      />
    </div>
    <div
      class="emotion-2"
      display="flex"
    />
    <div
      class="emotion-4"
      display="flex"
    >
      <div
        class="rc-collapse emotion-3"
      />
    </div>
  </div>
</DocumentFragment>
`;
