// Jest Snapshot v1, https://goo.gl/fbAQLP

exports[`Specialists detail snapshots should match latest render snapshot 1`] = `
<DocumentFragment>
  .emotion-0 {
  overflow: hidden;
  width: 100%;
  display: -webkit-box;
  display: -webkit-flex;
  display: -ms-flexbox;
  display: flex;
  -webkit-flex-direction: column;
  -ms-flex-direction: column;
  flex-direction: column;
}

.emotion-1 {
  display: -webkit-box;
  display: -webkit-flex;
  display: -ms-flexbox;
  display: flex;
  -webkit-flex-basis: 46px;
  -ms-flex-preferred-size: 46px;
  flex-basis: 46px;
}

.emotion-2 {
  display: -webkit-box;
  display: -webkit-flex;
  display: -ms-flexbox;
  display: flex;
  -webkit-box-pack: center;
  -ms-flex-pack: center;
  -webkit-justify-content: center;
  justify-content: center;
}

.emotion-3 {
  max-width: 1200px;
  width: 100%;
  display: -webkit-box;
  display: -webkit-flex;
  display: -ms-flexbox;
  display: flex;
  padding-left: 20px;
  padding-right: 20px;
  box-sizing: border-box;
}

@media screen and (min-width: 40em) {
  .emotion-3 {
    padding-left: 20px;
    padding-right: 20px;
  }
}

@media screen and (min-width: 52em) {
  .emotion-3 {
    padding-left: 40px;
    padding-right: 40px;
  }
}

.emotion-4 {
  width: 100%;
  display: -webkit-box;
  display: -webkit-flex;
  display: -ms-flexbox;
  display: flex;
  -webkit-box-pack: justify;
  -webkit-justify-content: space-between;
  justify-content: space-between;
  -webkit-flex-direction: row;
  -ms-flex-direction: row;
  flex-direction: row;
}

.emotion-5 {
  display: -webkit-box;
  display: -webkit-flex;
  display: -ms-flexbox;
  display: flex;
  -webkit-flex-basis: 600px;
  -ms-flex-preferred-size: 600px;
  flex-basis: 600px;
}

.emotion-6 {
  width: 100%;
  display: -webkit-box;
  display: -webkit-flex;
  display: -ms-flexbox;
  display: flex;
  -webkit-flex-direction: column;
  -ms-flex-direction: column;
  flex-direction: column;
}

.emotion-7 {
  display: -webkit-box;
  display: -webkit-flex;
  display: -ms-flexbox;
  display: flex;
}

.emotion-8 {
  box-sizing: border-box;
  width: 100%;
  display: -webkit-box;
  display: -webkit-flex;
  display: -ms-flexbox;
  display: flex;
  -webkit-flex-direction: column;
  -ms-flex-direction: column;
  flex-direction: column;
}

@media screen and (min-width: 40em) {
  .emotion-8 {
    -webkit-flex-direction: row;
    -ms-flex-direction: row;
    flex-direction: row;
  }
}

.emotion-10 {
  font-size: 24px;
  line-height: 1.3;
  font-weight: 700;
  font-family: Inter;
}

@media screen and (min-width: 40em) {
  .emotion-10 {
    font-size: 32px;
  }
}

.emotion-11 {
  display: -webkit-box;
  display: -webkit-flex;
  display: -ms-flexbox;
  display: flex;
  -webkit-flex-basis: 0;
  -ms-flex-preferred-size: 0;
  flex-basis: 0;
}

.emotion-12 {
  display: -webkit-box;
  display: -webkit-flex;
  display: -ms-flexbox;
  display: flex;
  -webkit-align-items: center;
  -webkit-box-align: center;
  -ms-flex-align: center;
  align-items: center;
}

.emotion-13 {
  display: -webkit-box;
  display: -webkit-flex;
  display: -ms-flexbox;
  display: flex;
  -webkit-flex-basis: 13px;
  -ms-flex-preferred-size: 13px;
  flex-basis: 13px;
}

.emotion-14 {
  display: block;
}

.emotion-15 {
  text-transform: none;
  color: rgb(102, 102, 102);
  font-size: 18px;
  line-height: 1.6;
  font-family: Inter;
  font-weight: 400;
}

@media screen and (min-width: 40em) {
  .emotion-15 {
    font-size: 22px;
  }
}

@media screen and (min-width: 52em) {
  .emotion-15 {
    font-size: 28px;
  }
}

.emotion-16 {
  display: -webkit-box;
  display: -webkit-flex;
  display: -ms-flexbox;
  display: flex;
  -webkit-flex-basis: 40px;
  -ms-flex-preferred-size: 40px;
  flex-basis: 40px;
}

.emotion-18 {
  background: rgb(216, 216, 216);
  border-radius: 50%;
  -webkit-background-position: center;
  background-position: center;
  background-repeat: no-repeat;
  -webkit-background-size: cover;
  background-size: cover;
  width: 100px;
  height: 100px;
}

@media screen and (min-width: 40em) {
  .emotion-18 {
    width: 100px;
    height: 100px;
  }
}

@media screen and (min-width: 52em) {
  .emotion-18 {
    width: 160px;
    height: 160px;
  }
}

.emotion-19 {
  display: -webkit-box;
  display: -webkit-flex;
  display: -ms-flexbox;
  display: flex;
  -webkit-flex-basis: 42px;
  -ms-flex-preferred-size: 42px;
  flex-basis: 42px;
}

.emotion-20 {
  width: 100%;
  height: 1px;
  background: rgb(235, 235, 235);
}

.emotion-21 {
  display: -webkit-box;
  display: -webkit-flex;
  display: -ms-flexbox;
  display: flex;
  background-color: rgb(252, 252, 252);
}

.emotion-23 {
  display: -webkit-box;
  display: -webkit-flex;
  display: -ms-flexbox;
  display: flex;
  -webkit-flex-basis: 32px;
  -ms-flex-preferred-size: 32px;
  flex-basis: 32px;
}

.emotion-26 {
  box-sizing: border-box;
  width: 100%;
  display: -webkit-box;
  display: -webkit-flex;
  display: -ms-flexbox;
  display: flex;
  -webkit-flex-direction: column;
  -ms-flex-direction: column;
  flex-direction: column;
}

@media screen and (min-width: 40em) {
  .emotion-26 {
    -webkit-flex-direction: column;
    -ms-flex-direction: column;
    flex-direction: column;
  }
}

@media screen and (min-width: 52em) {
  .emotion-26 {
    -webkit-flex-direction: row;
    -ms-flex-direction: row;
    flex-direction: row;
  }
}

.emotion-28 {
  width: 100%;
  display: -webkit-box;
  display: -webkit-flex;
  display: -ms-flexbox;
  display: flex;
  -webkit-align-items: center;
  -webkit-box-align: center;
  -ms-flex-align: center;
  align-items: center;
  -webkit-flex-direction: column;
  -ms-flex-direction: column;
  flex-direction: column;
}

.emotion-30 {
  color: rgb(102, 102, 102);
  line-height: 1.6;
  font-weight: 500;
  font-family: Inter;
  font-size: 13px;
}

.emotion-31 {
  display: -webkit-box;
  display: -webkit-flex;
  display: -ms-flexbox;
  display: flex;
  -webkit-flex-basis: 8px;
  -ms-flex-preferred-size: 8px;
  flex-basis: 8px;
}

.emotion-33 {
  display: -webkit-box;
  display: -webkit-flex;
  display: -ms-flexbox;
  display: flex;
  padding-right: 8px;
  width: 24px;
  height: 24px;
}

.emotion-33:last-of-type {
  padding-right: 0;
}

.emotion-33>svg {
  fill: #CCCCCC;
}

.emotion-33:nth-of-type(-n+0)>svg {
  fill: black;
}

.emotion-38 {
  display: -webkit-box;
  display: -webkit-flex;
  display: -ms-flexbox;
  display: flex;
  -webkit-flex-basis: 20px;
  -ms-flex-preferred-size: 20px;
  flex-basis: 20px;
}

@media screen and (min-width: 40em) {
  .emotion-38 {
    -webkit-flex-basis: 20px;
    -ms-flex-preferred-size: 20px;
    flex-basis: 20px;
  }
}

@media screen and (min-width: 52em) {
  .emotion-38 {
    -webkit-flex-basis: 56px;
    -ms-flex-preferred-size: 56px;
    flex-basis: 56px;
  }
}

.emotion-39 {
  display: -webkit-box;
  display: -webkit-flex;
  display: -ms-flexbox;
  display: flex;
  -webkit-box-flex: 1;
  -webkit-flex-grow: 1;
  -ms-flex-positive: 1;
  flex-grow: 1;
}

.emotion-40 {
  width: 100%;
  display: -webkit-box;
  display: -webkit-flex;
  display: -ms-flexbox;
  display: flex;
  -webkit-box-pack: center;
  -ms-flex-pack: center;
  -webkit-justify-content: center;
  justify-content: center;
  -webkit-flex-direction: row;
  -ms-flex-direction: row;
  flex-direction: row;
}

.emotion-44 {
  white-space: nowrap;
  color: rgb(102, 102, 102);
  line-height: 1.6;
  font-weight: 500;
  font-family: Inter;
  font-size: 13px;
}

.emotion-45 {
  display: -webkit-box;
  display: -webkit-flex;
  display: -ms-flexbox;
  display: flex;
  -webkit-flex-basis: 6px;
  -ms-flex-preferred-size: 6px;
  flex-basis: 6px;
}

.emotion-47 {
  font-size: 24px;
  line-height: 1.3;
  font-weight: 500;
  font-family: Inter;
}

.emotion-48 {
  display: -webkit-box;
  display: -webkit-flex;
  display: -ms-flexbox;
  display: flex;
  -webkit-flex-basis: 56px;
  -ms-flex-preferred-size: 56px;
  flex-basis: 56px;
}

.emotion-56 {
  display: -webkit-box;
  display: -webkit-flex;
  display: -ms-flexbox;
  display: flex;
  -webkit-flex-basis: 0;
  -ms-flex-preferred-size: 0;
  flex-basis: 0;
}

@media screen and (min-width: 40em) {
  .emotion-56 {
    -webkit-flex-basis: 0;
    -ms-flex-preferred-size: 0;
    flex-basis: 0;
  }
}

@media screen and (min-width: 52em) {
  .emotion-56 {
    -webkit-flex-basis: 56px;
    -ms-flex-preferred-size: 56px;
    flex-basis: 56px;
  }
}

.emotion-57 {
  display: -webkit-box;
  display: -webkit-flex;
  display: -ms-flexbox;
  display: flex;
  -webkit-flex-basis: 20px;
  -ms-flex-preferred-size: 20px;
  flex-basis: 20px;
}

@media screen and (min-width: 40em) {
  .emotion-57 {
    -webkit-flex-basis: 20px;
    -ms-flex-preferred-size: 20px;
    flex-basis: 20px;
  }
}

@media screen and (min-width: 52em) {
  .emotion-57 {
    -webkit-flex-basis: 0;
    -ms-flex-preferred-size: 0;
    flex-basis: 0;
  }
}

.emotion-58 {
  display: -webkit-box;
  display: -webkit-flex;
  display: -ms-flexbox;
  display: flex;
  -webkit-align-items: center;
  -webkit-box-align: center;
  -ms-flex-align: center;
  align-items: center;
  -webkit-box-flex: 1;
  -webkit-flex-grow: 1;
  -ms-flex-positive: 1;
  flex-grow: 1;
}

.emotion-59 {
  width: 100%;
  display: -webkit-box;
  display: -webkit-flex;
  display: -ms-flexbox;
  display: flex;
  -webkit-box-pack: center;
  -ms-flex-pack: center;
  -webkit-justify-content: center;
  justify-content: center;
  -webkit-flex-direction: row;
  -ms-flex-direction: row;
  flex-direction: row;
}

@media screen and (min-width: 40em) {
  .emotion-59 {
    -webkit-box-pack: center;
    -ms-flex-pack: center;
    -webkit-justify-content: center;
    justify-content: center;
  }
}

@media screen and (min-width: 52em) {
  .emotion-59 {
    -webkit-box-pack: end;
    -ms-flex-pack: end;
    -webkit-justify-content: flex-end;
    justify-content: flex-end;
  }
}

.emotion-61 {
  font-family: Inter;
  box-sizing: border-box;
  display: -webkit-box;
  display: -webkit-flex;
  display: -ms-flexbox;
  display: flex;
  -webkit-align-items: center;
  -webkit-box-align: center;
  -ms-flex-align: center;
  align-items: center;
  white-space: nowrap;
  cursor: pointer;
  border: none;
  outline: none;
  padding: 0;
  font-size: 12px;
  padding: 0;
  width: 40px;
  height: 40px;
  border: 1px solid rgba(0, 0, 0, 0.08);
  color: rgb(158, 158, 158);
  background: rgb(255, 255, 255);
  border-radius: 20px;
  -webkit-box-pack: center;
  -ms-flex-pack: center;
  -webkit-justify-content: center;
  justify-content: center;
}

.emotion-61:active {
  -webkit-transform: scale(0.98);
  -moz-transform: scale(0.98);
  -ms-transform: scale(0.98);
  transform: scale(0.98);
}

.emotion-62 {
  display: -webkit-box;
  display: -webkit-flex;
  display: -ms-flexbox;
  display: flex;
  -webkit-flex-basis: 16px;
  -ms-flex-preferred-size: 16px;
  flex-basis: 16px;
}

.emotion-64 {
  font-family: Inter;
  box-sizing: border-box;
  display: -webkit-box;
  display: -webkit-flex;
  display: -ms-flexbox;
  display: flex;
  -webkit-align-items: center;
  -webkit-box-align: center;
  -ms-flex-align: center;
  align-items: center;
  white-space: nowrap;
  cursor: pointer;
  border: none;
  outline: none;
  padding: 0;
  font-size: 12px;
  padding: 0px 16px;
  height: 40px;
  border: 1px solid rgba(0, 0, 0, 0.08);
  color: rgb(158, 158, 158);
  background: rgb(255, 255, 255);
  border-radius: 20px;
  -webkit-box-pack: center;
  -ms-flex-pack: center;
  -webkit-justify-content: center;
  justify-content: center;
}

.emotion-64:active {
  -webkit-transform: scale(0.98);
  -moz-transform: scale(0.98);
  -ms-transform: scale(0.98);
  transform: scale(0.98);
}

.emotion-65 {
  margin-right: 12px;
  display: -webkit-box;
  display: -webkit-flex;
  display: -ms-flexbox;
  display: flex;
}

.emotion-68 {
  font-family: Inter;
  box-sizing: border-box;
  display: -webkit-box;
  display: -webkit-flex;
  display: -ms-flexbox;
  display: flex;
  -webkit-align-items: center;
  -webkit-box-align: center;
  -ms-flex-align: center;
  align-items: center;
  white-space: nowrap;
  cursor: pointer;
  border: none;
  outline: none;
  padding: 0;
  font-size: 12px;
  padding: 0px 16px;
  height: 40px;
  background: rgb(102, 102, 102);
  color: rgb(255, 255, 255);
  border-radius: 28px;
  -webkit-box-pack: center;
  -ms-flex-pack: center;
  -webkit-justify-content: center;
  justify-content: center;
}

.emotion-68:active {
  -webkit-transform: scale(0.98);
  -moz-transform: scale(0.98);
  -ms-transform: scale(0.98);
  transform: scale(0.98);
}

.emotion-74 {
  box-sizing: border-box;
  max-width: 1200px;
  width: 100%;
  display: -webkit-box;
  display: -webkit-flex;
  display: -ms-flexbox;
  display: flex;
  padding-left: 20px;
  padding-right: 20px;
  -webkit-flex-direction: column-reverse;
  -ms-flex-direction: column-reverse;
  flex-direction: column-reverse;
}

@media screen and (min-width: 40em) {
  .emotion-74 {
    padding-left: 20px;
    padding-right: 20px;
  }
}

@media screen and (min-width: 52em) {
  .emotion-74 {
    padding-left: 40px;
    padding-right: 40px;
  }
}

@media screen and (min-width: 40em) {
  .emotion-74 {
    -webkit-flex-direction: row;
    -ms-flex-direction: row;
    flex-direction: row;
  }
}

.emotion-77 {
  display: -webkit-box;
  display: -webkit-flex;
  display: -ms-flexbox;
  display: flex;
  -webkit-flex-basis: 20px;
  -ms-flex-preferred-size: 20px;
  flex-basis: 20px;
  -webkit-flex-shrink: 0;
  -ms-flex-negative: 0;
  flex-shrink: 0;
}

@media screen and (min-width: 40em) {
  .emotion-77 {
    -webkit-flex-basis: 20px;
    -ms-flex-preferred-size: 20px;
    flex-basis: 20px;
  }
}

@media screen and (min-width: 52em) {
  .emotion-77 {
    -webkit-flex-basis: 40px;
    -ms-flex-preferred-size: 40px;
    flex-basis: 40px;
  }
}

.emotion-78 {
  display: -webkit-box;
  display: -webkit-flex;
  display: -ms-flexbox;
  display: flex;
  -webkit-flex-basis: auto;
  -ms-flex-preferred-size: auto;
  flex-basis: auto;
  -webkit-flex-shrink: 0;
  -ms-flex-negative: 0;
  flex-shrink: 0;
}

@media screen and (min-width: 40em) {
  .emotion-78 {
    -webkit-flex-basis: 200px;
    -ms-flex-preferred-size: 200px;
    flex-basis: 200px;
  }
}

@media screen and (min-width: 52em) {
  .emotion-78 {
    -webkit-flex-basis: 256px;
    -ms-flex-preferred-size: 256px;
    flex-basis: 256px;
  }
}

.emotion-81 {
  box-sizing: border-box;
  width: 100%;
  display: -webkit-box;
  display: -webkit-flex;
  display: -ms-flexbox;
  display: flex;
  margin-top: 7px;
  margin-bottom: 7px;
  padding: 16px 0 25px;
  -webkit-flex-direction: column;
  -ms-flex-direction: column;
  flex-direction: column;
  border: 1px solid rgba(0, 0, 0, 0.08);
  border-radius: 4px;
}

.emotion-82 {
  display: -webkit-box;
  display: -webkit-flex;
  display: -ms-flexbox;
  display: flex;
  padding-left: 25px;
  padding-right: 25px;
}

.emotion-83 {
  font-size: 15px;
  line-height: 1.6;
  font-family: Inter;
  font-weight: 400;
}

.emotion-90 {
  font-size: 15px;
  line-height: 1.6;
  font-weight: 500;
  font-family: Inter;
}

.emotion-91 {
  display: -webkit-box;
  display: -webkit-flex;
  display: -ms-flexbox;
  display: flex;
  -webkit-flex-basis: 26px;
  -ms-flex-preferred-size: 26px;
  flex-basis: 26px;
}

.emotion-93 {
  width: 100%;
  display: -webkit-box;
  display: -webkit-flex;
  display: -ms-flexbox;
  display: flex;
  -webkit-align-items: center;
  -webkit-box-align: center;
  -ms-flex-align: center;
  align-items: center;
  -webkit-flex-direction: row;
  -ms-flex-direction: row;
  flex-direction: row;
}

.emotion-95 {
  display: -webkit-box;
  display: -webkit-flex;
  display: -ms-flexbox;
  display: flex;
  -webkit-flex-basis: 12px;
  -ms-flex-preferred-size: 12px;
  flex-basis: 12px;
}

.emotion-97 {
  color: rgb(153, 153, 153);
  font-size: 12px;
  line-height: 1.3;
  font-weight: 600;
  font-family: Inter;
}

<div
    class="emotion-0"
    display="flex"
    overflow="hidden"
    width="100%"
  >
    <div
      class="emotion-1"
      display="flex"
    />
    <div
      class="emotion-2"
      display="flex"
    >
      <div
        class="emotion-3"
        display="flex"
        width="100%"
      >
        <div
          class="emotion-4"
          display="flex"
          width="100%"
        >
          <div
            class="emotion-5"
            display="flex"
          >
            <div
              class="emotion-6"
              display="flex"
              width="100%"
            >
              <div
                class="emotion-7"
                display="flex"
              >
                <div
                  class="emotion-8"
                  display="flex"
                  width="100%"
                >
                  <div
                    class="emotion-7"
                    display="flex"
                  >
                    <span
                      class="emotion-10"
                      font-family="primary"
                      font-size="huge,massive"
                      font-weight="bold"
                    />
                  </div>
                  <div
                    class="emotion-11"
                    display="flex"
                  />
                  <div
                    class="emotion-12"
                    display="flex"
                  />
                </div>
              </div>
              <div
                class="emotion-13"
                display="flex"
              />
              <div
                class="emotion-14"
                display="block"
              >
                <span
                  class="emotion-15"
                  color="stormdust"
                  font-family="primary"
                  font-size="extra,large,giant"
                  font-weight="normal"
                >
                  Специализируется: 
                </span>
              </div>
            </div>
          </div>
          <div
            class="emotion-16"
            display="flex"
          />
          <div
            class="emotion-12"
            display="flex"
          >
            <div
              class="emotion-18"
              color="alto"
              height="100,100,160"
              width="100,100,160"
            />
          </div>
        </div>
      </div>
    </div>
    <div
      class="emotion-19"
      display="flex"
    />
    <div
      class="emotion-20"
    />
    <div
      class="emotion-21"
      display="flex"
    >
      <div
        class="emotion-6"
        display="flex"
        width="100%"
      >
        <div
          class="emotion-23"
          display="flex"
        />
        <div
          class="emotion-2"
          display="flex"
        >
          <div
            class="emotion-3"
            display="flex"
            width="100%"
          >
            <div
              class="emotion-26"
              display="flex"
              width="100%"
            >
              <div
                class="emotion-7"
                display="flex"
              >
                <div
                  class="emotion-28"
                  display="flex"
                  width="100%"
                >
                  <div
                    class="emotion-7"
                    display="flex"
                  >
                    <span
                      class="emotion-30"
                      color="stormdust"
                      font-family="primary"
                      font-size="normal"
                      font-weight="medium"
                    >
                      Рейтинг
                    </span>
                  </div>
                  <div
                    class="emotion-31"
                    display="flex"
                  />
                  <div
                    class="emotion-7"
                    display="flex"
                  >
                    <div
                      class="emotion-33"
                      color="black"
                    >
                      <svg
                        fill="#D8D8D8"
                        height="100%"
                        viewBox="0 0 16 15"
                        width="100%"
                        xmlns="http://www.w3.org/2000/svg"
                      >
                        <polygon
                          points="56 99 51.297718 101.472136 52.1957739 96.236068 48.3915479 92.527864 53.648859 91.763932 56 87 58.351141 91.763932 63.6084521 92.527864 59.8042261 96.236068 60.702282 101.472136"
                          transform="translate(-48.000000, -87.000000)"
                        />
                      </svg>
                    </div>
                    <div
                      class="emotion-33"
                      color="black"
                    >
                      <svg
                        fill="#D8D8D8"
                        height="100%"
                        viewBox="0 0 16 15"
                        width="100%"
                        xmlns="http://www.w3.org/2000/svg"
                      >
                        <polygon
                          points="56 99 51.297718 101.472136 52.1957739 96.236068 48.3915479 92.527864 53.648859 91.763932 56 87 58.351141 91.763932 63.6084521 92.527864 59.8042261 96.236068 60.702282 101.472136"
                          transform="translate(-48.000000, -87.000000)"
                        />
                      </svg>
                    </div>
                    <div
                      class="emotion-33"
                      color="black"
                    >
                      <svg
                        fill="#D8D8D8"
                        height="100%"
                        viewBox="0 0 16 15"
                        width="100%"
                        xmlns="http://www.w3.org/2000/svg"
                      >
                        <polygon
                          points="56 99 51.297718 101.472136 52.1957739 96.236068 48.3915479 92.527864 53.648859 91.763932 56 87 58.351141 91.763932 63.6084521 92.527864 59.8042261 96.236068 60.702282 101.472136"
                          transform="translate(-48.000000, -87.000000)"
                        />
                      </svg>
                    </div>
                    <div
                      class="emotion-33"
                      color="black"
                    >
                      <svg
                        fill="#D8D8D8"
                        height="100%"
                        viewBox="0 0 16 15"
                        width="100%"
                        xmlns="http://www.w3.org/2000/svg"
                      >
                        <polygon
                          points="56 99 51.297718 101.472136 52.1957739 96.236068 48.3915479 92.527864 53.648859 91.763932 56 87 58.351141 91.763932 63.6084521 92.527864 59.8042261 96.236068 60.702282 101.472136"
                          transform="translate(-48.000000, -87.000000)"
                        />
                      </svg>
                    </div>
                    <div
                      class="emotion-33"
                      color="black"
                    >
                      <svg
                        fill="#D8D8D8"
                        height="100%"
                        viewBox="0 0 16 15"
                        width="100%"
                        xmlns="http://www.w3.org/2000/svg"
                      >
                        <polygon
                          points="56 99 51.297718 101.472136 52.1957739 96.236068 48.3915479 92.527864 53.648859 91.763932 56 87 58.351141 91.763932 63.6084521 92.527864 59.8042261 96.236068 60.702282 101.472136"
                          transform="translate(-48.000000, -87.000000)"
                        />
                      </svg>
                    </div>
                  </div>
                </div>
              </div>
              <div
                class="emotion-38"
                display="flex"
              />
              <div
                class="emotion-39"
                display="flex"
              >
                <div
                  class="emotion-40"
                  display="flex"
                  width="100%"
                >
                  <div
                    class="emotion-7"
                    display="flex"
                  >
                    <div
                      class="emotion-6"
                      display="flex"
                      width="100%"
                    >
                      <div
                        class="emotion-7"
                        display="flex"
                      >
                        <span
                          class="emotion-44"
                          color="stormdust"
                          font-family="primary"
                          font-size="normal"
                          font-weight="medium"
                        >
                          Отзывов
                        </span>
                      </div>
                      <div
                        class="emotion-45"
                        display="flex"
                      />
                      <div
                        class="emotion-7"
                        display="flex"
                      >
                        <span
                          class="emotion-47"
                          font-family="primary"
                          font-size="huge"
                          font-weight="medium"
                        />
                      </div>
                    </div>
                  </div>
                  <div
                    class="emotion-48"
                    display="flex"
                  />
                  <div
                    class="emotion-7"
                    display="flex"
                  >
                    <div
                      class="emotion-6"
                      display="flex"
                      width="100%"
                    >
                      <div
                        class="emotion-7"
                        display="flex"
                      >
                        <span
                          class="emotion-44"
                          color="stormdust"
                          font-family="primary"
                          font-size="normal"
                          font-weight="medium"
                        >
                          Выполнено проектов
                        </span>
                      </div>
                      <div
                        class="emotion-45"
                        display="flex"
                      />
                      <div
                        class="emotion-7"
                        display="flex"
                      >
                        <span
                          class="emotion-47"
                          font-family="primary"
                          font-size="huge"
                          font-weight="medium"
                        />
                      </div>
                    </div>
                  </div>
                  <div
                    class="emotion-56"
                    display="flex"
                  />
                </div>
              </div>
              <div
                class="emotion-57"
                display="flex"
              />
              <div
                class="emotion-58"
                display="flex"
              >
                <div
                  class="emotion-59"
                  display="flex"
                  width="100%"
                >
                  <div
                    class="emotion-7"
                    display="flex"
                  >
                    <button
                      class="emotion-61"
                    >
                      <svg
                        fill="none"
                        height="20"
                        viewBox="0 0 20 20"
                        width="20"
                        xmlns="http://www.w3.org/2000/svg"
                      >
                        <path
                          d="M14.167 2.5H5.83366C4.91699 2.5 4.17533 3.25 4.17533 4.16667L4.16699 17.5L10.0003 15L15.8337 17.5V4.16667C15.8337 3.25 15.0837 2.5 14.167 2.5Z"
                          fill="#999999"
                        />
                      </svg>
                    </button>
                  </div>
                  <div
                    class="emotion-62"
                    display="flex"
                  />
                  <div
                    class="emotion-7"
                    display="flex"
                  >
                    <button
                      class="emotion-64"
                    >
                      <span
                        class="emotion-65"
                      >
                        <svg
                          fill="none"
                          height="24"
                          viewBox="0 0 24 24"
                          width="24"
                          xmlns="http://www.w3.org/2000/svg"
                        >
                          <path
                            d="M19 13H13V19H11V13H5V11H11V5H13V11H19V13Z"
                            fill="#999999"
                          />
                        </svg>
                      </span>
                      Подписаться
                    </button>
                  </div>
                  <div
                    class="emotion-62"
                    display="flex"
                  />
                  <div
                    class="emotion-7"
                    display="flex"
                  >
                    <button
                      class="emotion-68"
                    >
                      <span
                        class="emotion-65"
                      >
                        <svg
                          color="white"
                          fill="none"
                          height="20"
                          viewBox="0 0 20 20"
                          width="20"
                          xmlns="http://www.w3.org/2000/svg"
                        >
                          <path
                            clip-rule="evenodd"
                            d="M3.33366 1.66669H16.667C17.5837 1.66669 18.3337 2.41669 18.3337 3.33335V13.3334C18.3337 14.25 17.5837 15 16.667 15H5.00033L1.66699 18.3334L1.67533 3.33335C1.67533 2.41669 2.41699 1.66669 3.33366 1.66669ZM15.0003 7.50002H5.00033V9.16669H15.0003V7.50002ZM11.667 11.6667H5.00033V10H11.667V11.6667ZM5.00033 6.66669H15.0003V5.00002H5.00033V6.66669Z"
                            fill="white"
                            fill-rule="evenodd"
                          />
                        </svg>
                      </span>
                      Связаться
                    </button>
                  </div>
                </div>
              </div>
            </div>
          </div>
        </div>
        <div
          class="emotion-23"
          display="flex"
        />
      </div>
    </div>
    <div
      class="emotion-20"
    />
    <div
      class="emotion-1"
      display="flex"
    />
    <div
      class="emotion-2"
      display="flex"
    >
      <div
        class="emotion-74"
        display="flex"
        width="100%"
      >
        <div
          class="emotion-39"
          display="flex"
        >
          <div
            class="emotion-6"
            display="flex"
            width="100%"
          />
        </div>
        <div
          class="emotion-77"
          display="flex"
        />
        <div
          class="emotion-78"
          display="flex"
        >
          <div
            class="emotion-6"
            display="flex"
            width="100%"
          >
            <div
              class="emotion-7"
              display="flex"
            >
              <div
                class="emotion-81"
                display="flex"
                width="100%"
              >
                <div
                  class="emotion-82"
                  display="flex"
                >
                  <span
                    class="emotion-83"
                    font-family="primary"
                    font-size="regular"
                    font-weight="normal"
                  >
                    Контакты
                  </span>
                </div>
                <div
                  class="emotion-62"
                  display="flex"
                />
                <div
                  class="emotion-20"
                />
                <div
                  class="emotion-62"
                  display="flex"
                />
                <div
                  class="emotion-82"
                  display="flex"
                >
                  <span
                    class="emotion-30"
                    color="stormdust"
                    font-family="primary"
                    font-size="normal"
                    font-weight="medium"
                  >
                    Телефон:
                  </span>
                </div>
                <div
                  class="emotion-82"
                  display="flex"
                >
                  <span
                    class="emotion-90"
                    font-family="primary"
                    font-size="regular"
                    font-weight="medium"
                  />
                </div>
                <div
                  class="emotion-91"
                  display="flex"
                />
                <div
                  class="emotion-82"
                  display="flex"
                >
                  <div
                    class="emotion-93"
                    display="flex"
                    width="100%"
                  >
                    <div
                      class="emotion-7"
                      display="flex"
                    >
                      <svg
                        height="20"
                        viewBox="0 0 18 18"
                        width="20"
                        xmlns="http://www.w3.org/2000/svg"
                      >
                        <g
                          fill="none"
                          fill-rule="evenodd"
                          stroke="none"
                          stroke-width="1"
                          transform="translate(-3, -3)"
                        >
                          <path
                            d="M20.5,3 L20.34,3.03 L15,5.1 L9,3 L3.36,4.9 C3.15,4.97 3,5.15 3,5.38 L3,20.5 C3,20.78 3.22,21 3.5,21 L3.66,20.97 L9,18.9 L15,21 L20.64,19.1 C20.85,19.03 21,18.85 21,18.62 L21,3.5 C21,3.22 20.78,3 20.5,3 Z M15,19 L9,16.89 L9,5 L15,7.11 L15,19 Z"
                            fill="#999999"
                            fill-rule="nonzero"
                          />
                          <polygon
                            points="0 0 24 0 24 24 0 24"
                          />
                        </g>
                      </svg>
                    </div>
                    <div
                      class="emotion-95"
                      display="flex"
                    />
                    <div
                      class="emotion-7"
                      display="flex"
                    >
                      <span
                        class="emotion-97"
                        color="mountainmist"
                        font-family="primary"
                        font-size="tiny"
                        font-weight="semiBold"
                      >
                        География работ
                      </span>
                    </div>
                  </div>
                </div>
              </div>
            </div>
            <div
              class="emotion-39"
              display="flex"
            />
          </div>
        </div>
      </div>
    </div>
  </div>
</DocumentFragment>
`;
