// Jest Snapshot v1, https://goo.gl/fbAQLP

exports[`Catalog fragment snapshots should match latest render snapshot 1`] = `
<DocumentFragment>
  .emotion-0 {
  box-sizing: border-box;
  height: 100%;
  display: -webkit-box;
  display: -webkit-flex;
  display: -ms-flexbox;
  display: flex;
}

<div
    class="emotion-0"
    display="flex"
    height="100%"
  />
</DocumentFragment>
`;
