// Jest Snapshot v1, https://goo.gl/fbAQLP

exports[`Filters fragment snapshots should match latest render snapshot 1`] = `
<DocumentFragment>
  .emotion-0 {
  width: 100%;
  display: -webkit-box;
  display: -webkit-flex;
  display: -ms-flexbox;
  display: flex;
  -webkit-flex-direction: column;
  -ms-flex-direction: column;
  flex-direction: column;
}

.emotion-1 {
  display: -webkit-box;
  display: -webkit-flex;
  display: -ms-flexbox;
  display: flex;
  -webkit-flex-basis: 48px;
  -ms-flex-preferred-size: 48px;
  flex-basis: 48px;
  -webkit-align-items: center;
  -webkit-box-align: center;
  -ms-flex-align: center;
  align-items: center;
}

.emotion-2 {
  color: rgb(0, 0, 0);
  font-weight: 500;
  font-size: 18px;
  line-height: 1.3;
  font-family: Inter;
}

.emotion-3 {
  display: -webkit-box;
  display: -webkit-flex;
  display: -ms-flexbox;
  display: flex;
  -webkit-flex-basis: 20px;
  -ms-flex-preferred-size: 20px;
  flex-basis: 20px;
}

.emotion-4 {
  box-sizing: border-box;
  display: -webkit-box;
  display: -webkit-flex;
  display: -ms-flexbox;
  display: flex;
  border: 1px solid rgba(0, 0, 0, 0.08);
  border-radius: 4px;
}

<div
    class="emotion-0"
    display="flex"
    width="100%"
  >
    <div
      class="emotion-1"
      display="flex"
    >
      <span
        class="emotion-2"
        color="black"
        font-family="primary"
        font-size="extra"
        font-weight="medium"
      />
    </div>
    <div
      class="emotion-3"
      display="flex"
    />
    <div
      class="emotion-4"
      display="flex"
    >
      <div
        class="emotion-0"
        display="flex"
        width="100%"
      />
    </div>
  </div>
</DocumentFragment>
`;
