// Jest Snapshot v1, https://goo.gl/fbAQLP

exports[`Reviews snapshots should match latest render snapshot 1`] = `
<DocumentFragment>
  .emotion-0 {
  width: 100%;
  display: -webkit-box;
  display: -webkit-flex;
  display: -ms-flexbox;
  display: flex;
  -webkit-flex-direction: column;
  -ms-flex-direction: column;
  flex-direction: column;
}

<div
    class="emotion-0"
    display="flex"
    width="100%"
  />
</DocumentFragment>
`;
